C51 COMPILER V7.07   FX2HID                                                                06/09/2026 21:01:47 PAGE 1   


C51 COMPILER V7.07, COMPILATION OF MODULE FX2HID
OBJECT MODULE PLACED IN fx2hid.OBJ
COMPILER INVOKED BY: C:\Keil\C51\BIN\C51.EXE fx2hid.c DEBUG OBJECTEXTEND

stmt level    source

   1          #pragma NOIV               // Do not generate interrupt vectors
   2          /*
   3          -----------------------------------------------------------------------------
   4             File:      usbhidio_fx2.c
   5             Contents:   Hooks required to implement USB peripheral function.
   6          
   7             This is an adaptation of the Cypress example FX2_Hid_Keyboard.c,
   8             which was in turn adapted from Cypress's bulkloop.c 
   9             (and is available on request from Cypress).
  10          
  11             The application communicates with the usbhdio host applications available from:
  12           
  13             www.Lvr.com/hidpage.htm
  14          
  15             This code requires the full (not evaluation) version of the Keil compiler.
  16             Additions to the keyboard code are labeled with "usbhidio start" and "usbhidio end"
  17             Unneeded keyboard code is commented out.
  18            
  19             Copyright (c) 2000 Cypress Semiconductor All rights reserved
  20             with some changes by Jan Axelson (jan@Lvr.com) 
  21          -----------------------------------------------------------------------------
  22          */
  23          
  24          #include "fx2.h"
  25          #include "fx2regs.h"
  26          #include "fx2sdly.h"            // SYNCDELAY macro
  27          
  28          extern BOOL GotSUD;             // Received setup data flag
  29          extern BOOL Sleep;
  30          extern BOOL Rwuen;
  31          extern BOOL Selfpwr;
  32          
  33          #define min(a,b) (((a)<(b))?(a):(b))
  34          
  35          #define GD_HID  0x21
  36          #define GD_REPORT       0x22
  37          #define CR_SET_REPORT 0x09
  38          #define HID_OUTPUT_REPORT 2
  39          
  40          #define BTN_ADDR                0x41
  41          #define LED_ADDR                0x42
  42          
  43          #define PF_IDLE                 0
  44          #define PF_GETKEYS              1
  45          
  46          #define KEY_WAKEUP              0
  47          #define KEY_F1                  1
  48          #define KEY_F2                  2
  49          #define KEY_F3                  3
  50          
  51          WORD    pHIDDscr;
  52          WORD    pReportDscr;
  53          WORD    pReportDscrEnd;
  54          extern code HIDDscr;
  55          extern code ReportDscr; 
C51 COMPILER V7.07   FX2HID                                                                06/09/2026 21:01:47 PAGE 2   

  56          extern code ReportDscrEnd;
  57          
  58          BYTE Configuration;             // Current configuration
  59          BYTE AlternateSetting;          // Alternate settings
  60          
  61          BYTE    Configuration;          // Current configuration
  62          BYTE    AlternateSetting;       // Alternate settings
  63          
  64          BYTE buttons;
  65          BYTE oldbuttons;
  66          BYTE leds = 0xFF;
  67          
  68          BYTE out_packet_count = 0;
  69          BYTE tx_packet_count = 0;
  70          BYTE tx_state = 0;
  71          BYTE xdata temp_buf[1024];
  72          
  73          BYTE read_buttons (void);
  74          void write_leds (BYTE d);
  75          
  76          #define VR_NAKALL_ON    0xD0
  77          #define VR_NAKALL_OFF   0xD1
  78          //-----------------------------------------------------------------------------
  79          // Task Dispatcher hooks
  80          //   The following hooks are called by the task dispatcher.
  81          //-----------------------------------------------------------------------------
  82          
  83          // read_buttons and write_leds are unused by usbhidio
  84          /*
  85          BYTE read_buttons (void)
  86          {
  87                  BYTE d;
  88          
  89                  while (I2CS & 0x40);    //Wait for stop to be done
  90                  I2CS = 0x80;                    //Set start condition
  91                  I2DAT = BTN_ADDR;               //Write button address
  92                  while (!(I2CS & 0x01)); //Wait for done
  93                  I2CS = 0x20;                    //Set last read
  94                  d = I2DAT;                              //Dummy read
  95                  while (!(I2CS & 0x01)); //Wait for done
  96                  I2CS = 0x40;                    //Set stop bit
  97                  return(I2DAT);                  //Read the data
  98          }
  99          
 100          
 101          void write_leds (BYTE d)
 102          {
 103                  while (I2CS & 0x40);    //Wait for stop to be done
 104                  I2CS = 0x80;                    //Set start condition
 105                  I2DAT = LED_ADDR;               //Write led address
 106                  while (!(I2CS & 0x01)); //Wait for done
 107                  I2DAT = d;                              //Write data
 108                  while (!(I2CS & 0x01)); //Wait for done
 109                  I2CS = 0x40;                    //Set stop bit
 110          }
 111          */
 112          
 113          
 114          void TD_Init(void)             // Called once at startup
 115          {
 116   1         // set the CPU clock to 48MHz
 117   1         CPUCS = ((CPUCS & ~bmCLKSPD) | bmCLKSPD1) ;
C51 COMPILER V7.07   FX2HID                                                                06/09/2026 21:01:47 PAGE 3   

 118   1      
 119   1         // set the slave FIFO interface to 48MHz
 120   1         IFCONFIG |= 0x40;
 121   1      
 122   1        // Registers which require a synchronization delay, see section 15.14
 123   1        // FIFORESET        FIFOPINPOLAR
 124   1        // INPKTEND         OUTPKTEND
 125   1        // EPxBCH:L         REVCTL
 126   1        // GPIFTCB3         GPIFTCB2
 127   1        // GPIFTCB1         GPIFTCB0
 128   1        // EPxFIFOPFH:L     EPxAUTOINLENH:L
 129   1        // EPxFIFOCFG       EPxGPIFFLGSEL
 130   1        // PINFLAGSxx       EPxFIFOIRQ
 131   1        // EPxFIFOIE        GPIFIRQ
 132   1        // GPIFIE           GPIFADRH:L
 133   1        // UDMACRCH:L       EPxGPIFTRIG
 134   1        // GPIFTRIG
 135   1        
 136   1        // Note: The pre-REVE EPxGPIFTCH/L register are affected, as well...
 137   1        //      ...these have been replaced by GPIFTC[B3:B0] registers
 138   1      
 139   1        // default: all endpoints have their VALID bit set
 140   1        // default: TYPE1 = 1 and TYPE0 = 0 --> BULK  
 141   1        // default: EP2 and EP4 DIR bits are 0 (OUT direction)
 142   1        // default: EP6 and EP8 DIR bits are 1 (IN direction)
 143   1        // default: EP2, EP4, EP6, and EP8 are double buffered
 144   1      
 145   1        // we are just using the default values, yes this is not necessary...
 146   1        EP1OUTCFG = 0xA0;
 147   1        EP1INCFG = 0xA0;
 148   1        SYNCDELAY;                    // see TRM section 15.14
 149   1        EP2CFG = 0xA2;
 150   1        SYNCDELAY;                    
 151   1        EP4CFG = 0xA0;
 152   1        SYNCDELAY;                    
 153   1        EP6CFG = 0xE2;
 154   1        SYNCDELAY;                    
 155   1        EP8CFG = 0xE0;
 156   1      
 157   1        // out endpoints do not come up armed
 158   1        
 159   1        // since the defaults are double buffered we must write dummy byte counts twice
 160   1        SYNCDELAY;                    
 161   1        EP2BCL = 0x80;                // arm EP2OUT by writing byte count w/skip.
 162   1        SYNCDELAY;                    
 163   1        EP2BCL = 0x80;
 164   1        SYNCDELAY;                    
 165   1        EP4BCL = 0x80;                // arm EP4OUT by writing byte count w/skip.
 166   1        SYNCDELAY;                    
 167   1        EP4BCL = 0x80;    
 168   1      
 169   1        // enable dual autopointer feature
 170   1        AUTOPTRSETUP |= 0x01;
 171   1      
 172   1        EP1OUTBC = 0;                                 // The original code missed this one.
 173   1                                                                      // https://github.com/libusb/hidapi/pull/730#issuecomment-4479685364
 174   1      
 175   1        Rwuen = TRUE;                 // Enable remote-wakeup
 176   1      
 177   1      }
 178          
 179          
C51 COMPILER V7.07   FX2HID                                                                06/09/2026 21:01:47 PAGE 4   

 180          void TD_Poll(void)              // Called repeatedly while the device is idle
 181          {
 182   1              if( !(EP1INCS & 0x02) ) // Is the EP1INBUF available,
 183   1              {
 184   2      
 185   2      //              This keyboard code is unneeded
 186   2      /*      
 187   2              buttons = read_buttons();
 188   2                      if (buttons == read_buttons())  //Debounce
 189   2                      {
 190   2                              buttons &= 0x0F;
 191   2                              if ((oldbuttons - buttons) != 0)        //Change in button state
 192   2                              {
 193   2                                      if (buttons & 1)        //Shift
 194   2                                              EP1INBUF[0] = 0;
 195   2                                      else
 196   2                                              EP1INBUF[0] = 2;
 197   2                                      if (buttons & 2)        //a
 198   2                                              EP1INBUF[2] = 0;
 199   2                                      else
 200   2                                              EP1INBUF[2] = 4;
 201   2                                      if (buttons & 4)        //b
 202   2                                              EP1INBUF[3] = 0;
 203   2                                      else
 204   2                                              EP1INBUF[3] = 5;
 205   2                                      if (buttons & 8)        //c
 206   2                                              EP1INBUF[4] = 0;
 207   2                                      else
 208   2                                              EP1INBUF[4] = 6;
 209   2                                      EP1INBUF[1] = 0;
 210   2                                      EP1INBC = 5;
 211   2                              }
 212   2                              oldbuttons = buttons;
 213   2                      }
 214   2      */
 215   2              }
 216   1              if( !(EP1OUTCS & 0x02) )        // Is there something available in EP1OUTBUF
 217   1              {
 218   2      
 219   2      //              This keyboard code is unneeded by usbhidio
 220   2      /*
 221   2                      leds = 0xFF;    //Turn all off
 222   2                      if (EP1OUTBUF[0] & 0x02)        //Caps
 223   2                              leds &= 0xBF;
 224   2                      if (EP1OUTBUF[0] & 0x01)        //Scroll
 225   2                              leds &= 0xF7;
 226   2                      if (EP1OUTBUF[0] & 0x04)        //Num
 227   2                              leds &= 0xFE;
 228   2                      write_leds (leds);
 229   2      */
 230   2      
 231   2      // usbhidio code start
 232   2      
 233   2                      if (out_packet_count < 15)
 234   2                      {
 235   3                              BYTE i;
 236   3                              BYTE xdata *p = &temp_buf[(WORD)out_packet_count * 64];
 237   3                              for (i = 0; i < 64; i++)
 238   3                              {
 239   4                                      *p++ = EP1OUTBUF[i];
 240   4                              }
 241   3                              out_packet_count++;
C51 COMPILER V7.07   FX2HID                                                                06/09/2026 21:01:47 PAGE 5   

 242   3                              EP1OUTBC = 0; // Rearm EP1OUT to receive the next packet
 243   3                      }
 244   2                      else if (out_packet_count == 15)
 245   2                      {
 246   3                              BYTE i;
 247   3                              BYTE xdata *p = &temp_buf[15 * 64];
 248   3                              for (i = 0; i < 64; i++)
 249   3                              {
 250   4                                      *p++ = EP1OUTBUF[i];
 251   4                              }
 252   3                              out_packet_count = 16;
 253   3                              tx_packet_count = 0;
 254   3                              tx_state = 1;
 255   3                              // Note: we do NOT rearm EP1OUT here yet. We hold the buffer.
 256   3                      }
 257   2      
 258   2      // usbhidiocode end
 259   2      
 260   2              }
 261   1      
 262   1              // Transmit logic for split packets:
 263   1              if (tx_state == 1)
 264   1              {
 265   2                      if (!(EP1INCS & 0x02)) // Is EP1IN free?
 266   2                      {
 267   3                              BYTE i;
 268   3                              BYTE xdata *p = &temp_buf[(WORD)tx_packet_count * 64];
 269   3                              for (i = 0; i < 64; i++)
 270   3                              {
 271   4                                      EP1INBUF[i] = *p++;
 272   4                              }
 273   3                              EP1INBC = 64; // Arm EP1IN with 64 bytes
 274   3                              tx_packet_count++;
 275   3                              
 276   3                              if (tx_packet_count == 16)
 277   3                              {
 278   4                                      // Done transmitting the 1024-byte report, reset state and rearm EP1OUT
 279   4                                      out_packet_count = 0;
 280   4                                      tx_state = 0;
 281   4                                      EP1OUTBC = 0; // Rearm EP1OUT to accept the next report
 282   4                              }
 283   3                      }
 284   2              } 
 285   1      }
 286          
 287          BOOL TD_Suspend(void)          // Called before the device goes into suspend mode
 288          {
 289   1         return(TRUE);
 290   1      }
 291          
 292          BOOL TD_Resume(void)          // Called after the device resumes
 293          {
 294   1         return(TRUE);
 295   1      }
 296          
 297          //-----------------------------------------------------------------------------
 298          // Device Request hooks
 299          //   The following hooks are called by the end point 0 device request parser.
 300          //-----------------------------------------------------------------------------
 301          
 302          BOOL DR_GetDescriptor(void)
 303          {
C51 COMPILER V7.07   FX2HID                                                                06/09/2026 21:01:47 PAGE 6   

 304   1                      return(TRUE);
 305   1      }
 306          
 307          BOOL DR_SetConfiguration(void)   // Called when a Set Configuration command is received
 308          {
 309   1         Configuration = SETUPDAT[2];
 310   1         return(TRUE);            // Handled by user code
 311   1      }
 312          
 313          BOOL DR_GetConfiguration(void)   // Called when a Get Configuration command is received
 314          {
 315   1         EP0BUF[0] = Configuration;
 316   1         EP0BCH = 0;
 317   1         EP0BCL = 1;
 318   1         return(TRUE);            // Handled by user code
 319   1      }
 320          
 321          BOOL DR_SetInterface(void)       // Called when a Set Interface command is received
 322          {
 323   1         AlternateSetting = SETUPDAT[2];
 324   1         return(TRUE);            // Handled by user code
 325   1      }
 326          
 327          BOOL DR_GetInterface(void)       // Called when a Set Interface command is received
 328          {
 329   1         EP0BUF[0] = AlternateSetting;
 330   1         EP0BCH = 0;
 331   1         EP0BCL = 1;
 332   1         return(TRUE);            // Handled by user code
 333   1      }
 334          
 335          BOOL DR_GetStatus(void)
 336          {
 337   1         return(TRUE);
 338   1      }
 339          
 340          BOOL DR_ClearFeature(void)
 341          {
 342   1         return(TRUE);
 343   1      }
 344          
 345          BOOL DR_SetFeature(void)
 346          {
 347   1         return(TRUE);
 348   1      }
 349          
 350          BOOL DR_VendorCmnd(void)
 351          {
 352   1        BYTE tmp;
 353   1        
 354   1        switch (SETUPDAT[1])
 355   1        {
 356   2           case VR_NAKALL_ON:
 357   2              tmp = FIFORESET;
 358   2              tmp |= bmNAKALL;      
 359   2              SYNCDELAY;                    
 360   2              FIFORESET = tmp;
 361   2              break;
 362   2           case VR_NAKALL_OFF:
 363   2              tmp = FIFORESET;
 364   2              tmp &= ~bmNAKALL;      
 365   2              SYNCDELAY;                    
C51 COMPILER V7.07   FX2HID                                                                06/09/2026 21:01:47 PAGE 7   

 366   2              FIFORESET = tmp;
 367   2              break;
 368   2           default:
 369   2              return(TRUE);
 370   2        }
 371   1      
 372   1        return(FALSE);
 373   1      }
 374          
 375          //-----------------------------------------------------------------------------
 376          // USB Interrupt Handlers
 377          //   The following functions are called by the USB interrupt jump table.
 378          //-----------------------------------------------------------------------------
 379          
 380          // Setup Data Available Interrupt Handler
 381          void ISR_Sudav(void) interrupt 0
 382          {
 383   1         GotSUD = TRUE;            // Set flag
 384   1         EZUSB_IRQ_CLEAR();
 385   1         USBIRQ = bmSUDAV;         // Clear SUDAV IRQ
 386   1      }
 387          
 388          // Setup Token Interrupt Handler
 389          void ISR_Sutok(void) interrupt 0
 390          {
 391   1         EZUSB_IRQ_CLEAR();
 392   1         USBIRQ = bmSUTOK;         // Clear SUTOK IRQ
 393   1      }
 394          
 395          void ISR_Sof(void) interrupt 0
 396          {
 397   1         EZUSB_IRQ_CLEAR();
 398   1         USBIRQ = bmSOF;            // Clear SOF IRQ
 399   1      }
 400          
 401          void ISR_Ures(void) interrupt 0
 402          {
 403   1         // whenever we get a USB reset, we should revert to full speed mode
 404   1         pConfigDscr = pFullSpeedConfigDscr;
 405   1         ((CONFIGDSCR xdata *) pConfigDscr)->type = CONFIG_DSCR;
 406   1         pOtherConfigDscr = pHighSpeedConfigDscr;
 407   1         ((CONFIGDSCR xdata *) pOtherConfigDscr)->type = OTHERSPEED_DSCR;
 408   1      
 409   1         EZUSB_IRQ_CLEAR();
 410   1         USBIRQ = bmURES;         // Clear URES IRQ
 411   1      }
 412          
 413          void ISR_Susp(void) interrupt 0
 414          {
 415   1         Sleep = TRUE;
 416   1         EZUSB_IRQ_CLEAR();
 417   1         USBIRQ = bmSUSP;
 418   1      }
 419          
 420          void ISR_Highspeed(void) interrupt 0
 421          {
 422   1         if (EZUSB_HIGHSPEED())
 423   1         {
 424   2            pConfigDscr = pHighSpeedConfigDscr;
 425   2            ((CONFIGDSCR xdata *) pConfigDscr)->type = CONFIG_DSCR;
 426   2            pOtherConfigDscr = pFullSpeedConfigDscr;
 427   2            ((CONFIGDSCR xdata *) pOtherConfigDscr)->type = OTHERSPEED_DSCR;
C51 COMPILER V7.07   FX2HID                                                                06/09/2026 21:01:47 PAGE 8   

 428   2         }
 429   1      
 430   1         EZUSB_IRQ_CLEAR();
 431   1         USBIRQ = bmHSGRANT;
 432   1      }
 433          void ISR_Ep0ack(void) interrupt 0
 434          {
 435   1      }
 436          void ISR_Stub(void) interrupt 0
 437          {
 438   1      }
 439          void ISR_Ep0in(void) interrupt 0
 440          {
 441   1      }
 442          void ISR_Ep0out(void) interrupt 0
 443          {
 444   1      }
 445          void ISR_Ep1in(void) interrupt 0
 446          {
 447   1      }
 448          void ISR_Ep1out(void) interrupt 0
 449          {
 450   1      }
 451          void ISR_Ep2inout(void) interrupt 0
 452          {
 453   1      }
 454          void ISR_Ep4inout(void) interrupt 0
 455          {
 456   1      }
 457          void ISR_Ep6inout(void) interrupt 0
 458          {
 459   1      }
 460          void ISR_Ep8inout(void) interrupt 0
 461          {
 462   1      }
 463          void ISR_Ibn(void) interrupt 0
 464          {
 465   1      }
 466          void ISR_Ep0pingnak(void) interrupt 0
 467          {
 468   1      }
 469          void ISR_Ep1pingnak(void) interrupt 0
 470          {
 471   1      }
 472          void ISR_Ep2pingnak(void) interrupt 0
 473          {
 474   1      }
 475          void ISR_Ep4pingnak(void) interrupt 0
 476          {
 477   1      }
 478          void ISR_Ep6pingnak(void) interrupt 0
 479          {
 480   1      }
 481          void ISR_Ep8pingnak(void) interrupt 0
 482          {
 483   1      }
 484          void ISR_Errorlimit(void) interrupt 0
 485          {
 486   1      }
 487          void ISR_Ep2piderror(void) interrupt 0
 488          {
 489   1      }
C51 COMPILER V7.07   FX2HID                                                                06/09/2026 21:01:47 PAGE 9   

 490          void ISR_Ep4piderror(void) interrupt 0
 491          {
 492   1      }
 493          void ISR_Ep6piderror(void) interrupt 0
 494          {
 495   1      }
 496          void ISR_Ep8piderror(void) interrupt 0
 497          {
 498   1      }
 499          void ISR_Ep2pflag(void) interrupt 0
 500          {
 501   1      }
 502          void ISR_Ep4pflag(void) interrupt 0
 503          {
 504   1      }
 505          void ISR_Ep6pflag(void) interrupt 0
 506          {
 507   1      }
 508          void ISR_Ep8pflag(void) interrupt 0
 509          {
 510   1      }
 511          void ISR_Ep2eflag(void) interrupt 0
 512          {
 513   1      }
 514          void ISR_Ep4eflag(void) interrupt 0
 515          {
 516   1      }
 517          void ISR_Ep6eflag(void) interrupt 0
 518          {
 519   1      }
 520          void ISR_Ep8eflag(void) interrupt 0
 521          {
 522   1      }
 523          void ISR_Ep2fflag(void) interrupt 0
 524          {
 525   1      }
 526          void ISR_Ep4fflag(void) interrupt 0
 527          {
 528   1      }
 529          void ISR_Ep6fflag(void) interrupt 0
 530          {
 531   1      }
 532          void ISR_Ep8fflag(void) interrupt 0
 533          {
 534   1      }
 535          void ISR_GpifComplete(void) interrupt 0
 536          {
 537   1      }
 538          void ISR_GpifWaveform(void) interrupt 0
 539          {
 540   1      }


MODULE INFORMATION:   STATIC OVERLAYABLE
   CODE SIZE        =    690    ----
   CONSTANT SIZE    =   ----    ----
   XDATA SIZE       =   1024    ----
   PDATA SIZE       =   ----    ----
   DATA SIZE        =     14       3
   IDATA SIZE       =   ----    ----
   BIT SIZE         =   ----    ----
END OF MODULE INFORMATION.

C51 COMPILER V7.07   FX2HID                                                                06/09/2026 21:01:47 PAGE 10  


C51 COMPILATION COMPLETE.  0 WARNING(S),  0 ERROR(S)
